// Jest Snapshot v1, https://goo.gl/fbAQLP

exports[`Button should render empty button correctly 1`] = `
<button
  className="coop-btn"
/>
`;

exports[`Button should support all sizes 1`] = `
<div>
  <button
    className="coop-btn coop-btn--small"
  >
    Small
  </button>
  <button
    className="coop-btn"
  >
    Default/Medium
  </button>
</div>
`;

exports[`Button should support all variants 1`] = `
<div>
  <button
    className="coop-btn"
  >
    Default
  </button>
  <button
    className="coop-btn coop-btn--primary"
  >
    Primary
  </button>
  <button
    className="coop-btn coop-btn--white"
  >
    White
  </button>
  <button
    className="coop-btn coop-btn--grey"
  >
    Grey
  </button>
  <button
    className="coop-t-link"
  >
    Link
  </button>
</div>
`;
